// Jest Snapshot v1, https://goo.gl/fbAQLP

exports[`SidebarItem component renders SidebarItem 1`] = `
<DocumentFragment>
  <section
    class="sidebarItem"
  >
    <h4 />
    <span />
  </section>
</DocumentFragment>
`;
