// Jest Snapshot v1, https://goo.gl/fbAQLP

exports[`Sidebar component renders Sidebar 1`] = `
<DocumentFragment>
  <ul />
</DocumentFragment>
`;
